Microsoft (R) Macro Assembler Version 6.11		    06/22/24 20:59:24
tempfile.asm						     Page 1 - 1


 0000				DATA SEGMENT
 0000 FF FF FF FF			A DB 0FFH, 0FFH, 0FFH, 0FFH
 0004 FE FF FF FF			B DB 0FEH, 0FFH, 0FFH, 0FFH
 0008 04				N DB 4
 0009 00				PN DB ?
 000A				DATA ENDS

 0000				STACK SEGMENT
 0000  0028 [				DB 40 DUP(0)
        00
       ]
 0028				STACK ENDS

 0000				CODE SEGMENT
				ASSUME CS:CODE, SS:STACK, DS:DATA
 0000				BEGIN:
 0000  B8 ---- R			MOV AX, DATA
 0003  8E D8				MOV DS, AX
					
 0005  E8 0004				CALL COMPARE
 0008  B4 4C				MOV AH, 4CH
 000A  CD 21				INT 21H

 000C				COMPARE:
 000C  50				PUSH AX
 000D  52				PUSH DX
					
 000E  8D 36 0000 R			LEA SI, A
 0012  8D 3E 0004 R			LEA DI, B
 0016  33 C9				XOR CX, CX
 0018  8A 0E 0008 R			MOV CL, N
 001C  F8				CLC
 001D  9C				PUSHF
 001E				LOP1:
 001E  8A 04				MOV AL, [SI]
 0020  9D				POPF
 0021  18 05				SBB [DI], AL
 0023  9C				PUSHF
 0024  46				INC SI
 0025  47				INC DI
 0026  E2 F6				LOOP LOP1
 0028  4E				DEC SI
 0029  B4 80				MOV AH, 80H
 002B  20 24				AND [SI], AH
 002D  75 02				JNZ L1
 002F  EB 06				JMP L2
 0031				L1:
 0031  9D				POPF
 0032  5A				POP DX
 0033  58				POP AX
 0034  B0 01				MOV AL, 01H
 0036  C3				RET 
 0037				L2:
 0037  9D				POPF
 0038  5A				POP DX
 0039  58				POP AX
 003A  B0 00				MOV AL, 00H
 003C  C3				RET 

 003D				CODE ENDS
				END BEGIN
Microsoft (R) Macro Assembler Version 6.11		    06/22/24 20:59:24
tempfile.asm						     Symbols 2 - 1




Segments and Groups:

                N a m e                 Size     Length   Align   Combine Class

CODE . . . . . . . . . . . . . .	16 Bit	 003D	  Para	  Private 
DATA . . . . . . . . . . . . . .	16 Bit	 000A	  Para	  Private 
STACK  . . . . . . . . . . . . .	16 Bit	 0028	  Para	  Private 


Symbols:

                N a m e                 Type     Value    Attr

A  . . . . . . . . . . . . . . .	Byte	 0000	  DATA	
BEGIN  . . . . . . . . . . . . .	L Near	 0000	  CODE	
B  . . . . . . . . . . . . . . .	Byte	 0004	  DATA	
COMPARE  . . . . . . . . . . . .	L Near	 000C	  CODE	
L1 . . . . . . . . . . . . . . .	L Near	 0031	  CODE	
L2 . . . . . . . . . . . . . . .	L Near	 0037	  CODE	
LOP1 . . . . . . . . . . . . . .	L Near	 001E	  CODE	
N  . . . . . . . . . . . . . . .	Byte	 0008	  DATA	
PN . . . . . . . . . . . . . . .	Byte	 0009	  DATA	

	   0 Warnings
	   0 Errors
