Microsoft (R) Macro Assembler Version 6.11		    06/22/24 19:58:22
tempfile.asm						     Page 1 - 1


 0000				DATA SEGMENT
 0000  0028 [				STRING1 DB 40 DUP(0)
        00
       ]
 0028 14				MAXLEN DB 20
 0029  0028 [				STRING2 DB 40 DUP(0)
        00
       ]
 0051 00				REAL_LEN DB ?
 0052				DATA ENDS

 0000				STACK SEGMENT
 0000  0028 [				DW 40 DUP(0)
        0000
       ]
 0050				STACK ENDS

 0000				CODE SEGMENT
				ASSUME CS:CODE, DS:DATA, SS:STACK
 0000				BEGIN:
 0000  B8 ---- R			MOV AX, DATA
 0003  8E D8				MOV DS, AX
					
 0005  8D 16 0028 R			LEA DX, MAXLEN
 0009  B4 0A				MOV AH, 0AH
 000B  CD 21				INT 21H
					
 000D  33 C9				XOR CX, CX
 000F  8A 0E 0051 R			MOV CL, REAL_LEN
 0013  8D 36 0000 R			LEA SI, STRING1
 0017  8D 3E 0029 R			LEA DI, STRING2
					


 001B				CODE ENDS
				END BEGIN

Microsoft (R) Macro Assembler Version 6.11		    06/22/24 19:58:22
tempfile.asm						     Symbols 2 - 1




Segments and Groups:

                N a m e                 Size     Length   Align   Combine Class

CODE . . . . . . . . . . . . . .	16 Bit	 001B	  Para	  Private 
DATA . . . . . . . . . . . . . .	16 Bit	 0052	  Para	  Private 
STACK  . . . . . . . . . . . . .	16 Bit	 0050	  Para	  Private 


Symbols:

                N a m e                 Type     Value    Attr

BEGIN  . . . . . . . . . . . . .	L Near	 0000	  CODE	
MAXLEN . . . . . . . . . . . . .	Byte	 0028	  DATA	
REAL_LEN . . . . . . . . . . . .	Byte	 0051	  DATA	
STRING1  . . . . . . . . . . . .	Byte	 0000	  DATA	
STRING2  . . . . . . . . . . . .	Byte	 0029	  DATA	

	   0 Warnings
	   0 Errors
