Microsoft (R) Macro Assembler Version 6.11		    06/14/24 20:09:39
tempfile.asm						     Page 1 - 1


 0000				DATA SEGMENT
 0000 1E			    MAXLEN DB 30
 0001 00			    INPTLEN DB ?
 0002 00			    NUMCOUNT DB ?
 0003  001F [			    STRL DB 31 DUP(0)
        00
       ]
 0022				DATA ENDS

 0000				STACK SEGMENT
 0000  0028 [			    DW 40 DUP(0)
        0000
       ]
 0050				STACK ENDS

 0000				CODE SEGMENT
				    ASSUME CS:CODE, DS:DATA, SS:STACK
 0000				BEGIN:
 0000  B8 ---- R		    MOV AX, DATA
 0003  8E D8			    MOV DS, AX

 0005  BE 0003 R		    MOV SI, OFFSET STRL
 0008  B1 1E			    MOV CL, 30
 000A				READ_LOOP:
 000A  B4 01			    MOV AH, 01H
 000C  CD 21			    INT 21H
 000E  88 04			    MOV [SI], AL
 0010  3C 0D			    CMP AL, 0DH
 0012  74 07			    JE EXIT
 0014  46			    INC SI
 0015  FE 06 0001 R		    INC INPTLEN
 0019  E2 EF			    LOOP READ_LOOP

 001B				EXIT:
 001B  B1 00			    MOV CL, 0
 001D  8D 36 0003 R		    LEA SI, STRL
 0021  8A 0E 0001 R		    MOV CL, INPTLEN

 0025				NUM_LOOP:
 0025  80 3C 30				CMP BYTE PTR [SI], '0'
 0028  72 07				JB NEXT
 002A  80 3C 39				CMP BYTE PTR [SI], '9'
 002D  77 02				JA NEXT
 002F  EB 07				JMP NUM

 0031				NEXT:
 0031  46				INC SI
 0032  FE C9				DEC CL
 0034  75 EF				JNZ NUM_LOOP
 0036  EB 0B				JMP COMPA

 0038				NUM:
 0038  FE 06 0002 R			INC NUMCOUNT
 003C  46				INC SI
 003D  FE C9				DEC CL
 003F  75 E4				JNZ NUM_LOOP
 0041  EB 00				JMP COMPA

 0043				COMPA:
 0043  80 3E 0002 R 05			CMP NUMCOUNT, 5
 0048  72 00				JB OUTPUT1

 004A				OUTPUT1:
 004A  B4 09				MOV AH, 09H
 004C  BA 0003 R			MOV DX, OFFSET STRL
 004F  CD 21				INT 21H

					; »»ÐÐ
 0051  B2 0D				MOV DL, 0DH
 0053  B4 02				MOV AH, 02H
 0055  CD 21				INT 21H
 0057  B2 0A				MOV DL, 0AH
 0059  CD 21				INT 21H
					
 005B  B4 4C			    MOV AH, 4CH
 005D  CD 21			    INT 21H
 005F				CODE ENDS
				END BEGIN
Microsoft (R) Macro Assembler Version 6.11		    06/14/24 20:09:39
tempfile.asm						     Symbols 2 - 1




Segments and Groups:

                N a m e                 Size     Length   Align   Combine Class

CODE . . . . . . . . . . . . . .	16 Bit	 005F	  Para	  Private 
DATA . . . . . . . . . . . . . .	16 Bit	 0022	  Para	  Private 
STACK  . . . . . . . . . . . . .	16 Bit	 0050	  Para	  Private 


Symbols:

                N a m e                 Type     Value    Attr

BEGIN  . . . . . . . . . . . . .	L Near	 0000	  CODE	
COMPA  . . . . . . . . . . . . .	L Near	 0043	  CODE	
EXIT . . . . . . . . . . . . . .	L Near	 001B	  CODE	
INPTLEN  . . . . . . . . . . . .	Byte	 0001	  DATA	
MAXLEN . . . . . . . . . . . . .	Byte	 0000	  DATA	
NEXT . . . . . . . . . . . . . .	L Near	 0031	  CODE	
NUMCOUNT . . . . . . . . . . . .	Byte	 0002	  DATA	
NUM_LOOP . . . . . . . . . . . .	L Near	 0025	  CODE	
NUM  . . . . . . . . . . . . . .	L Near	 0038	  CODE	
OUTPUT1  . . . . . . . . . . . .	L Near	 004A	  CODE	
READ_LOOP  . . . . . . . . . . .	L Near	 000A	  CODE	
STRL . . . . . . . . . . . . . .	Byte	 0003	  DATA	

	   0 Warnings
	   0 Errors
