Microsoft (R) Macro Assembler Version 6.11		    05/13/24 09:47:35
tempfile.asm						     Page 1 - 1


 0000				DATAS SEGMENT
				    ;此处输入数据段代码  
 0000				DATAS ENDS

 0000				STACKS SEGMENT
				    ;此处输入堆栈段代码
 0000				STACKS ENDS

 0000				CODES SEGMENT
				    ASSUME CS:CODES,DS:DATAS,SS:STACKS
 0000				START:
 0000  B8 ---- R		    MOV AX,DATAS
 0003  8E D8			    MOV DS,AX
 0005  B0 AA			    MOV AL, 10101010b
				  
				; 清除BL寄存器（可选，但在这里是个好习惯）  
 0007  B3 00				MOV BL, 0  
				  
				; 开始提取奇数位  
 0009  B9 0005				MOV CX, 5
 000C  E2 00				LOOP S
					
 000E					S:
 000E  D0 E8					SHR AL, 1
 0010  50					PUSH AX
 0011  24 01					AND AL, 00000001b
 0013  02 D8					ADD BL, AL
 0015  83 F9 01					CMP CX, 1
 0018  75 02						JNE not_end
 001A  EB 07						JMP end_program
					
 001C					not_end:
 001C  D0 E3					SHL BL, 1
 001E  58					POP AX
 001F  D0 E8					SHR AL, 1
 0021  E2 EB					LOOP S
						
 0023					end_program:
 0023  B4 4C				    MOV AH,4CH
 0025  CD 21			    	INT 21H
 0027						CODES ENDS
				    	END START
Microsoft (R) Macro Assembler Version 6.11		    05/13/24 09:47:35
tempfile.asm						     Symbols 2 - 1




Segments and Groups:

                N a m e                 Size     Length   Align   Combine Class

CODES  . . . . . . . . . . . . .	16 Bit	 0027	  Para	  Private 
DATAS  . . . . . . . . . . . . .	16 Bit	 0000	  Para	  Private 
STACKS . . . . . . . . . . . . .	16 Bit	 0000	  Para	  Private 


Symbols:

                N a m e                 Type     Value    Attr

START  . . . . . . . . . . . . .	L Near	 0000	  CODES	
S  . . . . . . . . . . . . . . .	L Near	 000E	  CODES	
end_program  . . . . . . . . . .	L Near	 0023	  CODES	
not_end  . . . . . . . . . . . .	L Near	 001C	  CODES	

	   0 Warnings
	   0 Errors
