Microsoft (R) Macro Assembler Version 6.11		    06/05/24 20:46:53
tempfile.asm						     Page 1 - 1


 0000				DATA SEGMENT
 0000 48 45 4C 4C 4F 57			STRING DB 'HELLOWORLD!'
       4F 52 4C 44 21
 000B = 000B				LEN EQU $-STRING
 000B 0000				POSITION DW ?
 000D				DATA ENDS

 0000				STACK1 SEGMENT STACK
 0000  0028 [				DB 40 DUP(0)
        00
       ]
 0028				STACK1 ENDS

 0000				CODE SEGMENT
				ASSUME CS:CODE, DS:DATA, SS:STACK1
 0000				BEGIN:
 0000  B8 ---- R			MOV AX, DATA
 0003  8E D8				MOV DS, AX
 0005  8E C0				MOV ES, AX
					
 0007  E8 000F				CALL SEARCH
					
 000A  8B 16 000B R			MOV DX, POSITION
 000E  83 C2 30				ADD DX, 30H
 0011  B4 02				MOV AH, 02H
 0013  CD 21				INT 21H
					
 0015  B4 4C				MOV AH, 4CH
 0017  CD 21				INT 21H
					
 0019				SEARCH:
 0019  50				PUSH AX
 001A  52				PUSH DX
 001B  33 C9				XOR CX, CX
 001D  8D 36 0000 R			LEA SI, STRING
 0021  BB 0001				MOV BX, 1
 0024  B1 0B				MOV CL, LEN
 0026					LOP1:
 0026  80 3C 45					CMP BYTE PTR [SI], 45H
 0029  74 02					JZ L1
 002B  EB 07					JMP L2
					
 002D					L1:
 002D  89 1E 000B R				MOV POSITION, BX
 0031  5A					POP DX
 0032  58					POP AX
 0033  C3					RET
 0034					L2:
 0034  46					INC SI
 0035  43					INC BX
 0036  E2 EE					LOOP LOP1
					
 0038				CODE ENDS
				END BEGIN
Microsoft (R) Macro Assembler Version 6.11		    06/05/24 20:46:53
tempfile.asm						     Symbols 2 - 1




Segments and Groups:

                N a m e                 Size     Length   Align   Combine Class

CODE . . . . . . . . . . . . . .	16 Bit	 0038	  Para	  Private 
DATA . . . . . . . . . . . . . .	16 Bit	 000D	  Para	  Private 
STACK1 . . . . . . . . . . . . .	16 Bit	 0028	  Para	  Stack	  


Symbols:

                N a m e                 Type     Value    Attr

BEGIN  . . . . . . . . . . . . .	L Near	 0000	  CODE	
L1 . . . . . . . . . . . . . . .	L Near	 002D	  CODE	
L2 . . . . . . . . . . . . . . .	L Near	 0034	  CODE	
LEN  . . . . . . . . . . . . . .	Number	 000Bh	 
LOP1 . . . . . . . . . . . . . .	L Near	 0026	  CODE	
POSITION . . . . . . . . . . . .	Word	 000B	  DATA	
SEARCH . . . . . . . . . . . . .	L Near	 0019	  CODE	
STRING . . . . . . . . . . . . .	Byte	 0000	  DATA	

	   0 Warnings
	   0 Errors
