Microsoft (R) Macro Assembler Version 6.11		    05/06/24 08:17:48
tempfile.asm						     Page 1 - 1


 0000				DATAS SEGMENT
				    ;此处输入数据段代码  
 0000				DATAS ENDS

 0000				STACKS SEGMENT
				    ;此处输入堆栈段代码
 0000				STACKS ENDS

 0000				CODES SEGMENT
				    ASSUME CS:CODES,DS:DATAS,SS:STACKS
 0000				START:
 0000  B8 ---- R		    MOV AX,DATAS
 0003  8E D8			    MOV DS,AX
 0005  B0 01			    MOV    AL, 01H
 0007  BE 0002				MOV    SI, 0002H
 000A  8D 34				LEA      SI, [SI]
 000C  C6 04 80				MOV     BYTE PTR [SI], 80H
 000F  9F				LAHF
 0010  86 C4				XCHG  AL, AH
 0012  9E				SAHF
 0013  86 24				XCHG  AH, [SI]
 0015  9E				SAHF

 0016  B4 4C			    MOV AH,4CH
 0018  CD 21			    INT 21H
 001A				CODES ENDS
				    END START
Microsoft (R) Macro Assembler Version 6.11		    05/06/24 08:17:48
tempfile.asm						     Symbols 2 - 1




Segments and Groups:

                N a m e                 Size     Length   Align   Combine Class

CODES  . . . . . . . . . . . . .	16 Bit	 001A	  Para	  Private 
DATAS  . . . . . . . . . . . . .	16 Bit	 0000	  Para	  Private 
STACKS . . . . . . . . . . . . .	16 Bit	 0000	  Para	  Private 


Symbols:

                N a m e                 Type     Value    Attr

START  . . . . . . . . . . . . .	L Near	 0000	  CODES	

	   0 Warnings
	   0 Errors
