Microsoft (R) Macro Assembler Version 6.11		    05/13/24 10:11:51
tempfile.asm						     Page 1 - 1


 0000				DATAS SEGMENT
				    ;此处输入数据段代码  
 0000				DATAS ENDS

 0000				STACKS SEGMENT
				    ;此处输入堆栈段代码
 0000				STACKS ENDS

 0000				CODES SEGMENT
				    ASSUME CS:CODES,DS:DATAS,SS:STACKS
 0000				START:
 0000  B8 ---- R		    MOV AX,DATAS
 0003  8E D8			    MOV DS,AX
 0005  B0 59			    mov al, 59h
 0007  B3 72			    mov bl, 72h
 0009  0A C3			    or al, bl
 000B  12 D8			    adc bl, al
 000D  B4 4C			    MOV AH,4CH
 000F  CD 21			    INT 21H
 0011				CODES ENDS
				    END START
Microsoft (R) Macro Assembler Version 6.11		    05/13/24 10:11:51
tempfile.asm						     Symbols 2 - 1




Segments and Groups:

                N a m e                 Size     Length   Align   Combine Class

CODES  . . . . . . . . . . . . .	16 Bit	 0011	  Para	  Private 
DATAS  . . . . . . . . . . . . .	16 Bit	 0000	  Para	  Private 
STACKS . . . . . . . . . . . . .	16 Bit	 0000	  Para	  Private 


Symbols:

                N a m e                 Type     Value    Attr

START  . . . . . . . . . . . . .	L Near	 0000	  CODES	

	   0 Warnings
	   0 Errors
