Microsoft (R) Macro Assembler Version 6.11		    03/25/24 18:10:59
tempfile.asm						     Page 1 - 1


				ASSUME CS:CODES,DS:DATAS,SS:STACKS

 0000				DATAS SEGMENT
 0000 77 68 6F 20 69 73		    string1 db 'who is your daddy'
       20 79 6F 75 72 20
       64 61 64 64 79
 0011 50 45 4E 54 41 20		    string2 db 'PENTA KILL' 
       4B 49 4C 4C
 001B				DATAS ENDS

 0000				STACKS SEGMENT
 0000  0008 [			    dw 8 dup(0)
        0000
       ]
 0010				STACKS ENDS

 0000				CODES SEGMENT
 0000				START:
 0000  B8 ---- R		    MOV AX,DATAS
 0003  8E D8			    MOV DS,AX
 0005  B8 ---- R		    MOV AX, STACKS
 0008  8E D0			    MOV SS, AX
 000A  BC 0010			    MOV SP, 16
 000D  B9 0011			    MOV CX, 17
 0010  BB 0000 R		    MOV BX, OFFSET STRING1
				    
 0013				  S1:
 0013  8A 07			  	MOV al, [bx]
 0015  24 DF			  	and al, 11011111b
 0017  88 07			  	mov [bx], al
 0019  43			  	inc bx
 001A  E2 F7			  	LOOP S1
				  	
 001C  B9 000A			  	mov cx, 10
 001F  BB 0011 R		  	mov bx, offset string2
				  	
 0022				  s2:
 0022  8A 07			  	mov al, [bx]
 0024  0C 20			  	or al, 00100000b
 0026  88 07			  	mov [bx], al
 0028  43			  	inc bx
 0029  E2 F7			  	loop s2
				  	
				    ;此处输入代码段代码
 002B  B4 4C			    MOV AH,4CH
 002D  CD 21			    INT 21H
 002F				CODES ENDS
				    END START
Microsoft (R) Macro Assembler Version 6.11		    03/25/24 18:10:59
tempfile.asm						     Symbols 2 - 1




Segments and Groups:

                N a m e                 Size     Length   Align   Combine Class

CODES  . . . . . . . . . . . . .	16 Bit	 002F	  Para	  Private 
DATAS  . . . . . . . . . . . . .	16 Bit	 001B	  Para	  Private 
STACKS . . . . . . . . . . . . .	16 Bit	 0010	  Para	  Private 


Symbols:

                N a m e                 Type     Value    Attr

S1 . . . . . . . . . . . . . . .	L Near	 0013	  CODES	
START  . . . . . . . . . . . . .	L Near	 0000	  CODES	
s2 . . . . . . . . . . . . . . .	L Near	 0022	  CODES	
string1  . . . . . . . . . . . .	Byte	 0000	  DATAS	
string2  . . . . . . . . . . . .	Byte	 0011	  DATAS	

	   0 Warnings
	   0 Errors
