Microsoft (R) Macro Assembler Version 6.11		    06/05/24 21:53:11
tempfile.asm						     Page 1 - 1


 0000				DATA SEGMENT
 0000 45 35 20				NUM DB 45H, 35H, 20H
 0003 03				MAXLEN DB 3
 0004				DATA ENDS

 0000				STACK1 SEGMENT STACK
 0000  0028 [				DB 40 DUP(0)
        00
       ]
 0028				STACK1 ENDS

 0000				CODE SEGMENT
				ASSUME CS:CODE, DS:DATA, SS:STACK1
 0000				BEGIN:
 0000  B8 ---- R			MOV AX, DATA
 0003  8E D8				MOV DS, AX
 0005  8E C0				MOV ES, AX
					
 0007  E8 0004				CALL PROC_
					
 000A  B4 4C				MOV AH, 4CH
 000C  CD 21				INT 21H
					
 000E				PROC_:
 000E  50				PUSH AX
 000F  52				PUSH DX
 0010  8A 0E 0003 R			MOV CL, MAXLEN
 0014  8D 36 0000 R			LEA SI, NUM
 0018					LOP1:
 0018  F8					CLC
 0019  8A 04					MOV AL, [SI]
 001B  24 01					AND AL, 01H
 001D  75 02					JNZ L1
 001F  EB 07					JMP L2
					
 0021					L1:
 0021  8A 24					MOV AH, [SI]
 0023  80 CC F0					OR AH, 0F0H
 0026  88 24					MOV [SI], AH
 0028					L2:
 0028  46					INC SI
 0029  E2 ED					LOOP LOP1
					
 002B  5A				POP DX
 002C  58				POP AX
 002D  C3				RET
 002E				CODE ENDS
				END BEGIN
Microsoft (R) Macro Assembler Version 6.11		    06/05/24 21:53:11
tempfile.asm						     Symbols 2 - 1




Segments and Groups:

                N a m e                 Size     Length   Align   Combine Class

CODE . . . . . . . . . . . . . .	16 Bit	 002E	  Para	  Private 
DATA . . . . . . . . . . . . . .	16 Bit	 0004	  Para	  Private 
STACK1 . . . . . . . . . . . . .	16 Bit	 0028	  Para	  Stack	  


Symbols:

                N a m e                 Type     Value    Attr

BEGIN  . . . . . . . . . . . . .	L Near	 0000	  CODE	
L1 . . . . . . . . . . . . . . .	L Near	 0021	  CODE	
L2 . . . . . . . . . . . . . . .	L Near	 0028	  CODE	
LOP1 . . . . . . . . . . . . . .	L Near	 0018	  CODE	
MAXLEN . . . . . . . . . . . . .	Byte	 0003	  DATA	
NUM  . . . . . . . . . . . . . .	Byte	 0000	  DATA	
PROC_  . . . . . . . . . . . . .	L Near	 000E	  CODE	

	   0 Warnings
	   0 Errors
