Microsoft (R) Macro Assembler Version 6.11		    05/20/24 08:50:35
tempfile.asm						     Page 1 - 1


 0000				DATAS SEGMENT
 0000 0E E7 42 EF 4E DF			VARB DB 14, -25, 66, -17, 78, -33, 46
       2E
 0007  A0 47 50					 DB -96, 71, 80
 000A 00				ODDNUM DB 0
 000B 00				EVENNUM DB 0
 000C				DATAS ENDS

 0000				STACKS SEGMENT
 0000  0020 [			    DW 20H DUP(0)
        0000
       ]
 0040				STACKS ENDS

 0000				CODES SEGMENT
				    ASSUME CS:CODES,DS:DATAS,SS:STACKS
 0000				START:
 0000  B8 ---- R		    MOV AX,DATAS
 0003  8E D8			    MOV DS,AX
				    
 0005  BE 0000 R		    MOV SI, OFFSET BYTE PTR VARB
 0008  B1 0A			    MOV CL, 10
				    
 000A				    LOOP1:
 000A  8A 04			    	MOV AL, [SI]
 000C  A8 80			    	TEST AL, 80H
 000E  75 02			    	JNZ NP
 0010  EB 02			    	JMP PO
				    
 0012				    NP:
 0012  F6 D8			    	NEG AL
 0014				    PO:
 0014  A8 01			    	TEST AL, 01H
 0016  74 02			    	JZ L1
 0018  EB 07			    	JMP L2
				    
 001A				    L1:
 001A  80 06 000B R 01		    	ADD EVENNUM, 1
 001F  EB 07			    	JMP L
 0021				    L2:
 0021  80 06 000A R 01		    	ADD ODDNUM, 1
 0026  EB 00			    	JMP L
				    
 0028				    L:
 0028  46			    	INC SI
 0029  E2 DF			    	LOOP LOOP1
				    	
				    
 002B  B4 4C			    MOV AH,4CH
 002D  CD 21			    INT 21H
 002F				CODES ENDS
				    END START
Microsoft (R) Macro Assembler Version 6.11		    05/20/24 08:50:35
tempfile.asm						     Symbols 2 - 1




Segments and Groups:

                N a m e                 Size     Length   Align   Combine Class

CODES  . . . . . . . . . . . . .	16 Bit	 002F	  Para	  Private 
DATAS  . . . . . . . . . . . . .	16 Bit	 000C	  Para	  Private 
STACKS . . . . . . . . . . . . .	16 Bit	 0040	  Para	  Private 


Symbols:

                N a m e                 Type     Value    Attr

EVENNUM  . . . . . . . . . . . .	Byte	 000B	  DATAS	
L1 . . . . . . . . . . . . . . .	L Near	 001A	  CODES	
L2 . . . . . . . . . . . . . . .	L Near	 0021	  CODES	
LOOP1  . . . . . . . . . . . . .	L Near	 000A	  CODES	
L  . . . . . . . . . . . . . . .	L Near	 0028	  CODES	
NP . . . . . . . . . . . . . . .	L Near	 0012	  CODES	
ODDNUM . . . . . . . . . . . . .	Byte	 000A	  DATAS	
PO . . . . . . . . . . . . . . .	L Near	 0014	  CODES	
START  . . . . . . . . . . . . .	L Near	 0000	  CODES	
VARB . . . . . . . . . . . . . .	Byte	 0000	  DATAS	

	   0 Warnings
	   0 Errors
